// Jest Snapshot v1, https://goo.gl/fbAQLP

exports[`should render generic tempalte response 1`] = `
Object {
  "message": Object {
    "attachment": Object {
      "payload": Object {
        "elements": Array [
          Object {
            "buttons": Array [
              URLButton {
                "title": "world",
                "type": "web_url",
                "url": "magic link",
              },
              PostbackButton {
                "payload": "magic payload",
                "title": "world",
                "type": "postback",
              },
              URLButton {
                "title": "world",
                "type": "web_url",
                "url": "magic link",
              },
            ],
            "title": "Generic Element",
          },
        ],
        "template_type": "generic",
      },
      "type": "template",
    },
  },
  "messaging_type": "RESPONSE",
  "recipient": Recipient {
    "id": "<PSID>",
  },
}
`;
